MariaDB [(none)]> CREATE USER'user5'@localhost IDENTIFIED BY'password1';
Query OK, 0 rows affected (0.00 sec)

MariaDB [(none)]> GRANT ALL PRIVILEGES ON *.* TO'user5'@localhost IDENTIFIED BY'password1';
Query OK, 0 rows affected (0.00 sec)

MariaDB [(none)]> SHOW GRANDS FOR'user1'@localhost;
ERROR 1064 (42000): You have an error in your SQL syntax; check the manual that corresponds to your MariaDB server version for the right syntax to use near 'GRANDS FOR'user1'@localhost' at line 1
MariaDB [(none)]> SHOW GRANTS FOR'user5'@localhost;
+-----------------------------------------------------------------------------------------------------------------------+
| Grants for user5@localhost                                                                                            |
+-----------------------------------------------------------------------------------------------------------------------+MariaDB [(none)]> CREATE USER'user5'@localhost IDENTIFIED BY'password1';
Query OK, 0 rows affected (0.00 sec)

MariaDB [(none)]> GRANT ALL PRIVILEGES ON *.* TO'user5'@localhost IDENTIFIED BY'password1';
Query OK, 0 rows affected (0.00 sec)

MariaDB [(none)]> SHOW GRANTS FOR'user5'@localhost;
+-----------------------------------------------------------------------------------------------------------------------+
| Grants for user5@localhost                                                                                            |
+-----------------------------------------------------------------------------------------------------------------------+
| GRANT ALL PRIVILEGES ON *.* TO 'user5'@'localhost' IDENTIFIED BY PASSWORD '*668425423DB5193AF921380129F465A6425216D0' |
+-----------------------------------------------------------------------------------------------------------------------+
1 row in set (0.00 sec)

MariaDB [(none)]> REVOKE INSERT ON*.*FROM'user5'@'localhost';
Query OK, 0 rows affected (0.00 sec)

MariaDB [(none)]> SHOW GRANTS FOR 'user5'@localhost;
+----------------------------------------------------------------------------------------------------------------------------------------------------------------------------------------------------------------------------------------------------------------------------------------------------------------------------------------------------------------------------------------------------------------------------+
| Grants for user5@localhost                                                                                                                                                                                                                                                                                                                                                                                                 |
+----------------------------------------------------------------------------------------------------------------------------------------------------------------------------------------------------------------------------------------------------------------------------------------------------------------------------------------------------------------------------------------------------------------------------+
| GRANT SELECT, UPDATE, DELETE, CREATE, DROP, RELOAD, SHUTDOWN, PROCESS, FILE, REFERENCES, INDEX, ALTER, SHOW DATABASES, SUPER, CREATE TEMPORARY TABLES, LOCK TABLES, EXECUTE, REPLICATION SLAVE, REPLICATION CLIENT, CREATE VIEW, SHOW VIEW, CREATE ROUTINE, ALTER ROUTINE, CREATE USER, EVENT, TRIGGER, CREATE TABLESPACE ON *.* TO 'user5'@'localhost' IDENTIFIED BY PASSWORD '*668425423DB5193AF921380129F465A6425216D0' |
+----------------------------------------------------------------------------------------------------------------------------------------------------------------------------------------------------------------------------------------------------------------------------------------------------------------------------------------------------------------------------------------------------------------------------+
1 row in set (0.00 sec)


| GRANT ALL PRIVILEGES ON *.* TO 'user5'@'localhost' IDENTIFIED BY PASSWORD '*668425423DB5193AF921380129F465A6425216D0' |
+-----------------------------------------------------------------------------------------------------------------------+
1 row in set (0.00 sec)

MariaDB [(none)]> REVOKE INSERT ON*.*FROM'user5'@'localhost';
Query OK, 0 rows affected (0.00 sec)

MariaDB [(none)]> SHOW GRANTS FOR 'user5'@localhost;
+----------------------------------------------------------------------------------------------------------------------------------------------------------------------------------------------------------------------------------------------------------------------------------------------------------------------------------------------------------------------------------------------------------------------------+
| Grants for user5@localhost                                                                                                                                                                                                                                                                                                                                                                                                 |
+----------------------------------------------------------------------------------------------------------------------------------------------------------------------------------------------------------------------------------------------------------------------------------------------------------------------------------------------------------------------------------------------------------------------------+
| GRANT SELECT, UPDATE, DELETE, CREATE, DROP, RELOAD, SHUTDOWN, PROCESS, FILE, REFERENCES, INDEX, ALTER, SHOW DATABASES, SUPER, CREATE TEMPORARY TABLES, LOCK TABLES, EXECUTE, REPLICATION SLAVE, REPLICATION CLIENT, CREATE VIEW, SHOW VIEW, CREATE ROUTINE, ALTER ROUTINE, CREATE USER, EVENT, TRIGGER, CREATE TABLESPACE ON *.* TO 'user5'@'localhost' IDENTIFIED BY PASSWORD '*668425423DB5193AF921380129F465A6425216D0' |
+----------------------------------------------------------------------------------------------------------------------------------------------------------------------------------------------------------------------------------------------------------------------------------------------------------------------------------------------------------------------------------------------------------------------------+
1 row in set (0.00 sec)


